[rhythm-admin-template.multipurposethemes.com/main/index.html]
[backblue.gif]
[fade.gif]
[index.html]
[rhythm-admin-template.multipurposethemes.com/main/css/vendors_css.css]
[rhythm-admin-template.multipurposethemes.com/main/css/skin_color.css]
[rhythm-admin-template.multipurposethemes.com/main/css/style.css]
[rhythm-admin-template.multipurposethemes.com/images/logo-letter.png]
[rhythm-admin-template.multipurposethemes.com/images/logo-dark-text.png]
[rhythm-admin-template.multipurposethemes.com/images/logo-light-text.png]
[rhythm-admin-template.multipurposethemes.com/images/avatar/avatar-1.png]
[rhythm-admin-template.multipurposethemes.com/main/index2.html]
[rhythm-admin-template.multipurposethemes.com/main/index3.html]
[rhythm-admin-template.multipurposethemes.com/main/index4.html]
[rhythm-admin-template.multipurposethemes.com/main/appointments.html]
[rhythm-admin-template.multipurposethemes.com/main/patients.html]
[rhythm-admin-template.multipurposethemes.com/main/patient_details.html]
[rhythm-admin-template.multipurposethemes.com/main/doctor_list.html]
[rhythm-admin-template.multipurposethemes.com/main/doctors.html]
[rhythm-admin-template.multipurposethemes.com/main/box_cards.html]
[rhythm-admin-template.multipurposethemes.com/main/box_advanced.html]
[rhythm-admin-template.multipurposethemes.com/main/box_basic.html]
[rhythm-admin-template.multipurposethemes.com/main/box_color.html]
[rhythm-admin-template.multipurposethemes.com/main/box_group.html]
[rhythm-admin-template.multipurposethemes.com/main/ui_grid.html]
[rhythm-admin-template.multipurposethemes.com/main/ui_badges.html]
[rhythm-admin-template.multipurposethemes.com/main/ui_border_utilities.html]
[rhythm-admin-template.multipurposethemes.com/main/ui_buttons.html]
[rhythm-admin-template.multipurposethemes.com/main/ui_color_utilities.html]
[rhythm-admin-template.multipurposethemes.com/main/ui_dropdown.html]
[rhythm-admin-template.multipurposethemes.com/main/ui_dropdown_grid.html]
[rhythm-admin-template.multipurposethemes.com/main/ui_progress_bars.html]
[rhythm-admin-template.multipurposethemes.com/main/icons_fontawesome.html]
[rhythm-admin-template.multipurposethemes.com/main/icons_glyphicons.html]
[rhythm-admin-template.multipurposethemes.com/main/icons_material.html]
[rhythm-admin-template.multipurposethemes.com/main/icons_themify.html]
[rhythm-admin-template.multipurposethemes.com/main/icons_simpleline.html]
[rhythm-admin-template.multipurposethemes.com/main/icons_cryptocoins.html]
[rhythm-admin-template.multipurposethemes.com/main/icons_flag.html]
[rhythm-admin-template.multipurposethemes.com/main/icons_weather.html]
[rhythm-admin-template.multipurposethemes.com/main/ui_ribbons.html]
[rhythm-admin-template.multipurposethemes.com/main/ui_sliders.html]
[rhythm-admin-template.multipurposethemes.com/main/ui_typography.html]
[rhythm-admin-template.multipurposethemes.com/main/ui_tab.html]
[rhythm-admin-template.multipurposethemes.com/main/ui_timeline.html]
[rhythm-admin-template.multipurposethemes.com/main/ui_timeline_horizontal.html]
[rhythm-admin-template.multipurposethemes.com/main/component_bootstrap_switch.html]
[rhythm-admin-template.multipurposethemes.com/main/component_date_paginator.html]
[rhythm-admin-template.multipurposethemes.com/main/component_media_advanced.html]
[rhythm-admin-template.multipurposethemes.com/main/component_rangeslider.html]
[rhythm-admin-template.multipurposethemes.com/main/component_rating.html]
[rhythm-admin-template.multipurposethemes.com/main/component_animations.html]
[rhythm-admin-template.multipurposethemes.com/main/extension_fullscreen.html]
[rhythm-admin-template.multipurposethemes.com/main/extension_pace.html]
[rhythm-admin-template.multipurposethemes.com/main/component_nestable.html]
[rhythm-admin-template.multipurposethemes.com/main/component_portlet_draggable.html]
[rhythm-admin-template.multipurposethemes.com/main/forms_advanced.html]
[rhythm-admin-template.multipurposethemes.com/main/forms_general.html]
[rhythm-admin-template.multipurposethemes.com/main/forms_wizard.html]
[rhythm-admin-template.multipurposethemes.com/main/forms_validation.html]
[rhythm-admin-template.multipurposethemes.com/main/forms_mask.html]
[rhythm-admin-template.multipurposethemes.com/main/forms_xeditable.html]
[rhythm-admin-template.multipurposethemes.com/main/forms_dropzone.html]
[rhythm-admin-template.multipurposethemes.com/main/forms_code_editor.html]
[rhythm-admin-template.multipurposethemes.com/main/forms_editors.html]
[rhythm-admin-template.multipurposethemes.com/main/forms_editor_markdown.html]
[rhythm-admin-template.multipurposethemes.com/main/tables_simple.html]
[rhythm-admin-template.multipurposethemes.com/main/tables_data.html]
[rhythm-admin-template.multipurposethemes.com/main/tables_editable.html]
[rhythm-admin-template.multipurposethemes.com/main/tables_color.html]
[rhythm-admin-template.multipurposethemes.com/main/charts_chartjs.html]
[rhythm-admin-template.multipurposethemes.com/main/charts_flot.html]
[rhythm-admin-template.multipurposethemes.com/main/charts_inline.html]
[rhythm-admin-template.multipurposethemes.com/main/charts_morris.html]
[rhythm-admin-template.multipurposethemes.com/main/charts_peity.html]
[rhythm-admin-template.multipurposethemes.com/main/charts_chartist.html]
[rhythm-admin-template.multipurposethemes.com/main/charts_c3_axis.html]
[rhythm-admin-template.multipurposethemes.com/main/charts_c3_bar.html]
[rhythm-admin-template.multipurposethemes.com/main/charts_c3_data.html]
[rhythm-admin-template.multipurposethemes.com/main/charts_c3_line.html]
[rhythm-admin-template.multipurposethemes.com/main/charts_echarts_basic.html]
[rhythm-admin-template.multipurposethemes.com/main/charts_echarts_bar.html]
[rhythm-admin-template.multipurposethemes.com/main/charts_echarts_pie_doughnut.html]
[rhythm-admin-template.multipurposethemes.com/main/extra_calendar.html]
[rhythm-admin-template.multipurposethemes.com/main/contact_app.html]
[rhythm-admin-template.multipurposethemes.com/main/contact_app_chat.html]
[rhythm-admin-template.multipurposethemes.com/main/extra_taskboard.html]
[rhythm-admin-template.multipurposethemes.com/main/mailbox.html]
[rhythm-admin-template.multipurposethemes.com/main/widgets_blog.html]
[rhythm-admin-template.multipurposethemes.com/main/widgets_chart.html]
[rhythm-admin-template.multipurposethemes.com/main/widgets_list.html]
[rhythm-admin-template.multipurposethemes.com/main/widgets_social.html]
[rhythm-admin-template.multipurposethemes.com/main/widgets_statistic.html]
[rhythm-admin-template.multipurposethemes.com/main/widgets_weather.html]
[rhythm-admin-template.multipurposethemes.com/main/widgets.html]
[rhythm-admin-template.multipurposethemes.com/main/email_index.html]
[rhythm-admin-template.multipurposethemes.com/main/map_google.html]
[rhythm-admin-template.multipurposethemes.com/main/map_vector.html]
[rhythm-admin-template.multipurposethemes.com/main/component_modals.html]
[rhythm-admin-template.multipurposethemes.com/main/component_sweatalert.html]
[rhythm-admin-template.multipurposethemes.com/main/component_notification.html]
[rhythm-admin-template.multipurposethemes.com/main/ecommerce_products.html]
[rhythm-admin-template.multipurposethemes.com/main/ecommerce_cart.html]
[rhythm-admin-template.multipurposethemes.com/main/ecommerce_products_edit.html]
[rhythm-admin-template.multipurposethemes.com/main/ecommerce_details.html]
[rhythm-admin-template.multipurposethemes.com/main/ecommerce_orders.html]
[rhythm-admin-template.multipurposethemes.com/main/ecommerce_checkout.html]
[rhythm-admin-template.multipurposethemes.com/main/invoice.html]
[rhythm-admin-template.multipurposethemes.com/main/invoicelist.html]
[rhythm-admin-template.multipurposethemes.com/main/extra_app_ticket.html]
[rhythm-admin-template.multipurposethemes.com/main/extra_profile.html]
[rhythm-admin-template.multipurposethemes.com/main/contact_userlist_grid.html]
[rhythm-admin-template.multipurposethemes.com/main/contact_userlist.html]
[rhythm-admin-template.multipurposethemes.com/main/sample_faq.html]
[rhythm-admin-template.multipurposethemes.com/main/sample_blank.html]
[rhythm-admin-template.multipurposethemes.com/main/sample_coming_soon.html]
[rhythm-admin-template.multipurposethemes.com/main/sample_custom_scroll.html]
[rhythm-admin-template.multipurposethemes.com/main/sample_gallery.html]
[rhythm-admin-template.multipurposethemes.com/main/sample_lightbox.html]
[rhythm-admin-template.multipurposethemes.com/main/sample_pricing.html]
[rhythm-admin-template.multipurposethemes.com/main/auth_login.html]
[rhythm-admin-template.multipurposethemes.com/main/auth_register.html]
[rhythm-admin-template.multipurposethemes.com/main/auth_lockscreen.html]
[rhythm-admin-template.multipurposethemes.com/main/auth_user_pass.html]
[rhythm-admin-template.multipurposethemes.com/main/error_404.html]
[rhythm-admin-template.multipurposethemes.com/main/error_500.html]
[rhythm-admin-template.multipurposethemes.com/main/error_maintenance.html]
[rhythm-admin-template.multipurposethemes.com/images/avatar/avatar-10.png]
[rhythm-admin-template.multipurposethemes.com/images/avatar/avatar-11.png]
[rhythm-admin-template.multipurposethemes.com/images/avatar/avatar-12.png]
[rhythm-admin-template.multipurposethemes.com/images/avatar/avatar-15.png]
[rhythm-admin-template.multipurposethemes.com/images/avatar/1.jpg]
[rhythm-admin-template.multipurposethemes.com/images/avatar/3.jpg]
[rhythm-admin-template.multipurposethemes.com/images/avatar/4.jpg]
[rhythm-admin-template.multipurposethemes.com/images/avatar/5.jpg]
[rhythm-admin-template.multipurposethemes.com/images/avatar/6.jpg]
[rhythm-admin-template.multipurposethemes.com/images/avatar/avatar-2.png]
[rhythm-admin-template.multipurposethemes.com/images/avatar/avatar-3.png]
[rhythm-admin-template.multipurposethemes.com/images/avatar/avatar-4.png]
[rhythm-admin-template.multipurposethemes.com/images/avatar/avatar-5.png]
[rhythm-admin-template.multipurposethemes.com/images/avatar/avatar-6.png]
[rhythm-admin-template.multipurposethemes.com/images/avatar/2.jpg]
[rhythm-admin-template.multipurposethemes.com/main/js/vendors.min.js]
[rhythm-admin-template.multipurposethemes.com/main/js/pages/chat-popup.js]
[rhythm-admin-template.multipurposethemes.com/assets/icons/feather-icons/feather.min.js]
[rhythm-admin-template.multipurposethemes.com/assets/vendor_components/date-paginator/moment.min.js]
[rhythm-admin-template.multipurposethemes.com/assets/vendor_components/apexcharts-bundle/dist/apexcharts.js]
[rhythm-admin-template.multipurposethemes.com/assets/vendor_components/bootstrap-datepicker/dist/js/bootstrap-datepicker.min.js]
[rhythm-admin-template.multipurposethemes.com/assets/vendor_components/date-paginator/bootstrap-datepaginator.min.js]
[rhythm-admin-template.multipurposethemes.com/main/js/template.js]
[rhythm-admin-template.multipurposethemes.com/main/index.html]
[rhythm-admin-template.multipurposethemes.com/main/js/pages/dashboard.js]
[rhythm-admin-template.multipurposethemes.com/assets/vendor_components/bootstrap/dist/css/bootstrap.css]
[rhythm-admin-template.multipurposethemes.com/assets/vendor_components/perfect-scrollbar/css/perfect-scrollbar.css]
[rhythm-admin-template.multipurposethemes.com/assets/vendor_components/morris.js/morris.css]
[rhythm-admin-template.multipurposethemes.com/assets/vendor_components/OwlCarousel2/dist/assets/owl.carousel.css]
[rhythm-admin-template.multipurposethemes.com/assets/vendor_components/OwlCarousel2/dist/assets/owl.theme.default.min.css]
[rhythm-admin-template.multipurposethemes.com/assets/vendor_components/horizontal-timeline/css/horizontal-timeline.css]
[rhythm-admin-template.multipurposethemes.com/assets/vendor_components/flexslider/flexslider.css]
[rhythm-admin-template.multipurposethemes.com/assets/vendor_components/prism/prism.css]
[rhythm-admin-template.multipurposethemes.com/assets/vendor_components/datatable/datatables.min.css]
[rhythm-admin-template.multipurposethemes.com/assets/vendor_components/Magnific-Popup-master/dist/magnific-popup.css]
[rhythm-admin-template.multipurposethemes.com/assets/vendor_components/gallery/css/animated-masonry-gallery.css]
[rhythm-admin-template.multipurposethemes.com/assets/vendor_components/lightbox-master/dist/ekko-lightbox.css]
[rhythm-admin-template.multipurposethemes.com/assets/vendor_components/jvectormap/lib2/jquery-jvectormap-2.0.2.css]
[rhythm-admin-template.multipurposethemes.com/assets/vendor_components/x-editable/dist/bootstrap3-editable/css/bootstrap-editable.css]
[rhythm-admin-template.multipurposethemes.com/assets/vendor_components/sweetalert/sweetalert.css]
[rhythm-admin-template.multipurposethemes.com/assets/vendor_components/bootstrap-markdown-master/css/bootstrap-markdown.css]
[rhythm-admin-template.multipurposethemes.com/assets/vendor_components/dropzone/dropzone.css]
[rhythm-admin-template.multipurposethemes.com/assets/vendor_components/select2/dist/css/select2.min.css]
[rhythm-admin-template.multipurposethemes.com/assets/vendor_components/date-paginator/bootstrap-datepaginator.min.css]
[rhythm-admin-template.multipurposethemes.com/assets/vendor_components/bootstrap-daterangepicker/daterangepicker.css]
[rhythm-admin-template.multipurposethemes.com/assets/vendor_components/bootstrap-datepicker/dist/css/bootstrap-datepicker.min.css]
[rhythm-admin-template.multipurposethemes.com/assets/vendor_components/bootstrap-colorpicker/dist/css/bootstrap-colorpicker.min.css]
[rhythm-admin-template.multipurposethemes.com/assets/vendor_components/bootstrap-select/dist/css/bootstrap-select.css]
[rhythm-admin-template.multipurposethemes.com/assets/vendor_components/bootstrap-tagsinput/dist/bootstrap-tagsinput.css]
[rhythm-admin-template.multipurposethemes.com/assets/vendor_components/bootstrap-touchspin/dist/jquery.bootstrap-touchspin.css]
[rhythm-admin-template.multipurposethemes.com/assets/vendor_components/raty-master/lib/jquery.raty.css]
[rhythm-admin-template.multipurposethemes.com/assets/vendor_components/ion-rangeSlider/css/ion.rangeSlider.css]
[rhythm-admin-template.multipurposethemes.com/assets/vendor_components/ion-rangeSlider/css/ion.rangeSlider.skinModern.css]
[rhythm-admin-template.multipurposethemes.com/assets/vendor_components/gridstack/gridstack.css]
[rhythm-admin-template.multipurposethemes.com/assets/vendor_components/jquery-toast-plugin-master/src/jquery.toast.css]
[rhythm-admin-template.multipurposethemes.com/assets/vendor_components/nestable/nestable.css]
[rhythm-admin-template.multipurposethemes.com/assets/vendor_components/bootstrap-switch/switch.css]
[rhythm-admin-template.multipurposethemes.com/assets/vendor_components/c3/c3.min.css]
[rhythm-admin-template.multipurposethemes.com/assets/vendor_components/chartist-js-develop/chartist.css]
[rhythm-admin-template.multipurposethemes.com/assets/vendor_plugins/bootstrap-slider/slider.css]
[rhythm-admin-template.multipurposethemes.com/assets/vendor_plugins/iCheck/flat/blue.css]
[rhythm-admin-template.multipurposethemes.com/assets/vendor_plugins/bootstrap-wysihtml5/bootstrap3-wysihtml5.min.css]
[rhythm-admin-template.multipurposethemes.com/assets/vendor_plugins/bootstrap-wysihtml5/bootstrap3-wysihtml5.css]
[rhythm-admin-template.multipurposethemes.com/assets/vendor_plugins/iCheck/all.css]
[rhythm-admin-template.multipurposethemes.com/assets/vendor_plugins/timepicker/bootstrap-timepicker.min.css]
[rhythm-admin-template.multipurposethemes.com/assets/vendor_plugins/pace/pace.min.css]
[rhythm-admin-template.multipurposethemes.com/assets/vendor_components/fullcalendar/fullcalendar.min.css]
[rhythm-admin-template.multipurposethemes.com/main/css/vendors_css.css]
[rhythm-admin-template.multipurposethemes.com/assets/vendor_components/weather-icons/weather-icons.css]
[rhythm-admin-template.multipurposethemes.com/main/css/style_rtl.css]
[rhythm-admin-template.multipurposethemes.com/main/css/color_theme.css]
[rhythm-admin-template.multipurposethemes.com/assets/icons/font-awesome/css/font-awesome.css]
[rhythm-admin-template.multipurposethemes.com/assets/icons/Ionicons/css/ionicons.css]
[rhythm-admin-template.multipurposethemes.com/assets/icons/themify-icons/themify-icons.css]
[rhythm-admin-template.multipurposethemes.com/assets/icons/linea-icons/linea.css]
[rhythm-admin-template.multipurposethemes.com/assets/icons/glyphicons/glyphicon.css]
[rhythm-admin-template.multipurposethemes.com/assets/icons/flag-icon-css/css/flag-icon.css]
[rhythm-admin-template.multipurposethemes.com/assets/icons/material-design-iconic-font/css/materialdesignicons.css]
[rhythm-admin-template.multipurposethemes.com/assets/icons/simple-line-icons/css/simple-line-icons.css]
[rhythm-admin-template.multipurposethemes.com/assets/icons/cryptocoins-master/cryptocoins.css]
[rhythm-admin-template.multipurposethemes.com/assets/icons/weather-icons/css/weather-icons.min.css]
[rhythm-admin-template.multipurposethemes.com/assets/icons/iconsmind/style.css]
[rhythm-admin-template.multipurposethemes.com/assets/icons/icomoon/style.css]
[rhythm-admin-template.multipurposethemes.com/assets/vendor_components/animate/animate.css]
[rhythm-admin-template.multipurposethemes.com/images/preloaders/1.gif]
[rhythm-admin-template.multipurposethemes.com/images/user-info.jpg]
[rhythm-admin-template.multipurposethemes.com/main/css/style.css]
[rhythm-admin-template.multipurposethemes.com/main/css/skin_color.css]
[rhythm-admin-template.multipurposethemes.com/images/health-1.png]
[rhythm-admin-template.multipurposethemes.com/images/health-2.png]
[rhythm-admin-template.multipurposethemes.com/assets/vendor_components/OwlCarousel2/dist/owl.carousel.js]
[rhythm-admin-template.multipurposethemes.com/main/index2.html]
[rhythm-admin-template.multipurposethemes.com/main/js/pages/dashboard2.js]
[rhythm-admin-template.multipurposethemes.com/main/index3.html]
[rhythm-admin-template.multipurposethemes.com/main/js/pages/dashboard3.js]
[rhythm-admin-template.multipurposethemes.com/images/weight.png]
[rhythm-admin-template.multipurposethemes.com/images/human.png]
[rhythm-admin-template.multipurposethemes.com/images/bmi.png]
[rhythm-admin-template.multipurposethemes.com/images/smoking.png]
[rhythm-admin-template.multipurposethemes.com/main/index4.html]
[rhythm-admin-template.multipurposethemes.com/main/js/pages/dashboard4.js]
[rhythm-admin-template.multipurposethemes.com/assets/vendor_components/echarts/dist/echarts-en.min.js]
[rhythm-admin-template.multipurposethemes.com/assets/vendor_components/jquery-ui/jquery-ui.min.js]
[rhythm-admin-template.multipurposethemes.com/assets/vendor_components/perfect-scrollbar-master/perfect-scrollbar.jquery.min.js]
[rhythm-admin-template.multipurposethemes.com/assets/vendor_components/fullcalendar/lib/moment.min.js]
[rhythm-admin-template.multipurposethemes.com/assets/vendor_components/fullcalendar/fullcalendar.min.js]
[rhythm-admin-template.multipurposethemes.com/main/appointments.html]
[rhythm-admin-template.multipurposethemes.com/main/js/pages/appointments.js]
[rhythm-admin-template.multipurposethemes.com/main/patients.html]
[rhythm-admin-template.multipurposethemes.com/main/js/pages/patients.js]
[rhythm-admin-template.multipurposethemes.com/assets/vendor_components/datatable/datatables.min.js]
[rhythm-admin-template.multipurposethemes.com/images/gallery/landscape14.jpg]
[rhythm-admin-template.multipurposethemes.com/main/patient_details.html]
[rhythm-admin-template.multipurposethemes.com/main/js/pages/patient-details.js]
[rhythm-admin-template.multipurposethemes.com/images/avatar/375x200/1.jpg]
[rhythm-admin-template.multipurposethemes.com/images/avatar/375x200/2.jpg]
[rhythm-admin-template.multipurposethemes.com/images/avatar/375x200/3.jpg]
[rhythm-admin-template.multipurposethemes.com/images/avatar/375x200/4.jpg]
[rhythm-admin-template.multipurposethemes.com/images/avatar/375x200/5.jpg]
[rhythm-admin-template.multipurposethemes.com/images/avatar/375x200/6.jpg]
[rhythm-admin-template.multipurposethemes.com/images/avatar/375x200/7.jpg]
[rhythm-admin-template.multipurposethemes.com/images/avatar/375x200/8.jpg]
[rhythm-admin-template.multipurposethemes.com/main/doctor_list.html]
[rhythm-admin-template.multipurposethemes.com/main/doctors.html]
[rhythm-admin-template.multipurposethemes.com/main/js/pages/doctor-details.js]
[rhythm-admin-template.multipurposethemes.com/images/gallery/landscape12.jpg]
[rhythm-admin-template.multipurposethemes.com/images/gallery/thumb/10.jpg]
[rhythm-admin-template.multipurposethemes.com/images/card/img1.jpg]
[rhythm-admin-template.multipurposethemes.com/images/gallery/thumb-sm/1.jpg]
[rhythm-admin-template.multipurposethemes.com/images/card/1.jpg]
[rhythm-admin-template.multipurposethemes.com/images/card/2.jpg]
[rhythm-admin-template.multipurposethemes.com/images/card/3.jpg]
[rhythm-admin-template.multipurposethemes.com/assets/vendor_components/Magnific-Popup-master/dist/jquery.magnific-popup.min.js]
[rhythm-admin-template.multipurposethemes.com/main/box_cards.html]
[rhythm-admin-template.multipurposethemes.com/main/box_advanced.html]
[rhythm-admin-template.multipurposethemes.com/main/box_basic.html]
[rhythm-admin-template.multipurposethemes.com/main/box_color.html]
[rhythm-admin-template.multipurposethemes.com/assets/vendor_components/Magnific-Popup-master/dist/jquery.magnific-popup-init.js]
[rhythm-admin-template.multipurposethemes.com/images/gallery/thumb/4.jpg]
[rhythm-admin-template.multipurposethemes.com/images/gallery/thumb/5.jpg]
[rhythm-admin-template.multipurposethemes.com/images/gallery/thumb/6.jpg]
[rhythm-admin-template.multipurposethemes.com/images/gallery/thumb/1.jpg]
[rhythm-admin-template.multipurposethemes.com/images/gallery/thumb/2.jpg]
[rhythm-admin-template.multipurposethemes.com/images/gallery/thumb/3.jpg]
[rhythm-admin-template.multipurposethemes.com/images/gallery/thumb/7.jpg]
[rhythm-admin-template.multipurposethemes.com/images/gallery/thumb/8.jpg]
[rhythm-admin-template.multipurposethemes.com/images/gallery/thumb/9.jpg]
[rhythm-admin-template.multipurposethemes.com/main/box_group.html]
[rhythm-admin-template.multipurposethemes.com/main/ui_grid.html]
[rhythm-admin-template.multipurposethemes.com/main/ui_badges.html]
[rhythm-admin-template.multipurposethemes.com/main/ui_border_utilities.html]
[rhythm-admin-template.multipurposethemes.com/main/ui_buttons.html]
[rhythm-admin-template.multipurposethemes.com/main/ui_color_utilities.html]
[rhythm-admin-template.multipurposethemes.com/main/ui_dropdown.html]
[rhythm-admin-template.multipurposethemes.com/main/ui_dropdown_grid.html]
[rhythm-admin-template.multipurposethemes.com/main/ui_progress_bars.html]
[rhythm-admin-template.multipurposethemes.com/main/icons_fontawesome.html]
[rhythm-admin-template.multipurposethemes.com/main/icons_glyphicons.html]
[rhythm-admin-template.multipurposethemes.com/main/icons_material.html]
[rhythm-admin-template.multipurposethemes.com/main/icons_themify.html]
[rhythm-admin-template.multipurposethemes.com/assets/vendor_components/prism/prism.js]
[rhythm-admin-template.multipurposethemes.com/main/icons_simpleline.html]
[rhythm-admin-template.multipurposethemes.com/main/icons_cryptocoins.html]
[rhythm-admin-template.multipurposethemes.com/main/icons_flag.html]
[rhythm-admin-template.multipurposethemes.com/main/icons_weather.html]
[rhythm-admin-template.multipurposethemes.com/main/ui_ribbons.html]
[rhythm-admin-template.multipurposethemes.com/main/js/pages/icons.js]
[rhythm-admin-template.multipurposethemes.com/images/img1.jpg]
[rhythm-admin-template.multipurposethemes.com/images/img2.jpg]
[rhythm-admin-template.multipurposethemes.com/images/img3.jpg]
[rhythm-admin-template.multipurposethemes.com/images/gallery/full/slide-1.jpg]
[rhythm-admin-template.multipurposethemes.com/images/gallery/full/slide-2.jpg]
[rhythm-admin-template.multipurposethemes.com/images/gallery/full/slide-3.jpg]
[rhythm-admin-template.multipurposethemes.com/images/gallery/full/slide-4.jpg]
[rhythm-admin-template.multipurposethemes.com/images/card/img2.jpg]
[rhythm-admin-template.multipurposethemes.com/images/card/img3.jpg]
[rhythm-admin-template.multipurposethemes.com/images/card/img4.jpg]
[rhythm-admin-template.multipurposethemes.com/assets/vendor_plugins/bootstrap-slider/bootstrap-slider.js]
[rhythm-admin-template.multipurposethemes.com/assets/vendor_components/flexslider/jquery.flexslider.js]
[rhythm-admin-template.multipurposethemes.com/main/ui_sliders.html]
[rhythm-admin-template.multipurposethemes.com/main/ui_typography.html]
[rhythm-admin-template.multipurposethemes.com/main/ui_tab.html]
[rhythm-admin-template.multipurposethemes.com/main/js/pages/slider.js]
[rhythm-admin-template.multipurposethemes.com/images/150x100.png]
[rhythm-admin-template.multipurposethemes.com/main/ui_timeline.html]
[rhythm-admin-template.multipurposethemes.com/images/avatar/7.jpg]
[rhythm-admin-template.multipurposethemes.com/images/avatar/8.jpg]
[rhythm-admin-template.multipurposethemes.com/images/avatar/9.jpg]
[rhythm-admin-template.multipurposethemes.com/main/ui_timeline_horizontal.html]
[rhythm-admin-template.multipurposethemes.com/main/component_bootstrap_switch.html]
[rhythm-admin-template.multipurposethemes.com/assets/vendor_components/horizontal-timeline/js/horizontal-timeline.js]
[rhythm-admin-template.multipurposethemes.com/main/component_date_paginator.html]
[rhythm-admin-template.multipurposethemes.com/main/js/pages/date-paginator.js]
[rhythm-admin-template.multipurposethemes.com/images/avatar.png]
[rhythm-admin-template.multipurposethemes.com/images/avatar2.png]
[rhythm-admin-template.multipurposethemes.com/images/avatar3.png]
[rhythm-admin-template.multipurposethemes.com/images/avatar04.png]
[rhythm-admin-template.multipurposethemes.com/images/avatar5.png]
[rhythm-admin-template.multipurposethemes.com/main/component_media_advanced.html]
[rhythm-admin-template.multipurposethemes.com/main/js/pages/media.js]
[rhythm-admin-template.multipurposethemes.com/assets/vendor_components/ion-rangeSlider/js/ion.rangeSlider.min.js]
[rhythm-admin-template.multipurposethemes.com/main/component_rangeslider.html]
[rhythm-admin-template.multipurposethemes.com/main/js/pages/range-sliders.init.js]
[rhythm-admin-template.multipurposethemes.com/assets/vendor_components/raty-master/lib/jquery.raty.js]
[rhythm-admin-template.multipurposethemes.com/main/component_rating.html]
[rhythm-admin-template.multipurposethemes.com/main/js/pages/component-rating-init.js]
[rhythm-admin-template.multipurposethemes.com/main/component_animations.html]
[rhythm-admin-template.multipurposethemes.com/main/js/pages/component-animations-css3.js]
[rhythm-admin-template.multipurposethemes.com/main/extension_fullscreen.html]
[rhythm-admin-template.multipurposethemes.com/main/js/pages/fullscreen.js]
[rhythm-admin-template.multipurposethemes.com/assets/vendor_components/PACE/pace.min.js]
[rhythm-admin-template.multipurposethemes.com/main/extension_pace.html]
[rhythm-admin-template.multipurposethemes.com/main/js/pages/pace.js]
[rhythm-admin-template.multipurposethemes.com/assets/vendor_components/nestable/jquery.nestable.js]
[rhythm-admin-template.multipurposethemes.com/main/component_nestable.html]
[rhythm-admin-template.multipurposethemes.com/main/js/pages/nestable.js]
[cdnjs.cloudflare.com/ajax/libs/jqueryui-touch-punch/0.2.3/jquery.ui.touch-punch.min.js]
[rhythm-admin-template.multipurposethemes.com/assets/vendor_components/jquery-ui/jquery-ui.js]
[rhythm-admin-template.multipurposethemes.com/assets/vendor_components/gridstack/gridstack.js]
[rhythm-admin-template.multipurposethemes.com/assets/vendor_components/gridstack/gridstack.jQueryUI.js]
[rhythm-admin-template.multipurposethemes.com/assets/vendor_components/gridstack/lodash.js]
[rhythm-admin-template.multipurposethemes.com/main/component_portlet_draggable.html]
[rhythm-admin-template.multipurposethemes.com/main/js/pages/gridstackjs.js]
[rhythm-admin-template.multipurposethemes.com/assets/vendor_components/bootstrap-select/dist/js/bootstrap-select.js]
[rhythm-admin-template.multipurposethemes.com/assets/vendor_components/bootstrap-tagsinput/dist/bootstrap-tagsinput.js]
[rhythm-admin-template.multipurposethemes.com/assets/vendor_components/bootstrap-touchspin/dist/jquery.bootstrap-touchspin.min.js]
[rhythm-admin-template.multipurposethemes.com/assets/vendor_components/select2/dist/js/select2.full.js]
[rhythm-admin-template.multipurposethemes.com/assets/vendor_plugins/input-mask/jquery.inputmask.js]
[rhythm-admin-template.multipurposethemes.com/assets/vendor_plugins/input-mask/jquery.inputmask.date.extensions.js]
[rhythm-admin-template.multipurposethemes.com/assets/vendor_plugins/input-mask/jquery.inputmask.extensions.js]
[rhythm-admin-template.multipurposethemes.com/assets/vendor_components/moment/min/moment.min.js]
[rhythm-admin-template.multipurposethemes.com/assets/vendor_components/bootstrap-daterangepicker/daterangepicker.js]
[rhythm-admin-template.multipurposethemes.com/assets/vendor_components/bootstrap-colorpicker/dist/js/bootstrap-colorpicker.min.js]
[rhythm-admin-template.multipurposethemes.com/assets/vendor_plugins/timepicker/bootstrap-timepicker.min.js]
[rhythm-admin-template.multipurposethemes.com/assets/vendor_plugins/iCheck/icheck.min.js]
[rhythm-admin-template.multipurposethemes.com/main/forms_advanced.html]
[rhythm-admin-template.multipurposethemes.com/main/forms_general.html]
[rhythm-admin-template.multipurposethemes.com/main/js/pages/advanced-form-element.js]
[rhythm-admin-template.multipurposethemes.com/assets/vendor_components/jquery-steps-master/build/jquery.steps.js]
[rhythm-admin-template.multipurposethemes.com/assets/vendor_components/jquery-validation-1.17.0/dist/jquery.validate.min.js]
[rhythm-admin-template.multipurposethemes.com/assets/vendor_components/sweetalert/sweetalert.min.js]
[rhythm-admin-template.multipurposethemes.com/main/forms_wizard.html]
[rhythm-admin-template.multipurposethemes.com/main/js/pages/steps.js]
[rhythm-admin-template.multipurposethemes.com/main/js/pages/validation.js]
[rhythm-admin-template.multipurposethemes.com/main/forms_validation.html]
[rhythm-admin-template.multipurposethemes.com/main/js/pages/form-validation.js]
[rhythm-admin-template.multipurposethemes.com/assets/vendor_components/formatter/formatter.js]
[rhythm-admin-template.multipurposethemes.com/assets/vendor_components/formatter/jquery.formatter.js]
[rhythm-admin-template.multipurposethemes.com/main/forms_mask.html]
[rhythm-admin-template.multipurposethemes.com/main/js/pages/formatter.js]
[rhythm-admin-template.multipurposethemes.com/assets/vendor_components/moment/src/moment2.js]
[rhythm-admin-template.multipurposethemes.com/main/forms_xeditable.html]
[rhythm-admin-template.multipurposethemes.com/main/js/pages/form-x-editable.js]
[rhythm-admin-template.multipurposethemes.com/assets/vendor_components/x-editable/dist/bootstrap3-editable/js/bootstrap-editable.js]
[rhythm-admin-template.multipurposethemes.com/main/forms_dropzone.html]
[rhythm-admin-template.multipurposethemes.com/assets/vendor_components/dropzone/dropzone.js]
[rhythm-admin-template.multipurposethemes.com/assets/vendor_plugins/ace-builds-master/src-min-noconflict/ace.js]
[rhythm-admin-template.multipurposethemes.com/main/forms_code_editor.html]
[rhythm-admin-template.multipurposethemes.com/main/js/pages/form-code-editor.js]
[rhythm-admin-template.multipurposethemes.com/assets/vendor_components/ckeditor/ckeditor.js]
[rhythm-admin-template.multipurposethemes.com/main/forms_editors.html]
[rhythm-admin-template.multipurposethemes.com/main/js/pages/editor.js]
[rhythm-admin-template.multipurposethemes.com/assets/vendor_plugins/bootstrap-wysihtml5/bootstrap3-wysihtml5.all.js]
[rhythm-admin-template.multipurposethemes.com/assets/vendor_components/bootstrap-markdown-master/js/bootstrap-markdown.js]
[rhythm-admin-template.multipurposethemes.com/assets/vendor_components/marked/marked.js]
[rhythm-admin-template.multipurposethemes.com/main/forms_editor_markdown.html]
[rhythm-admin-template.multipurposethemes.com/main/tables_simple.html]
[rhythm-admin-template.multipurposethemes.com/assets/vendor_components/to-markdown/to-markdown.js]
[rhythm-admin-template.multipurposethemes.com/main/tables_data.html]
[rhythm-admin-template.multipurposethemes.com/main/js/pages/data-table.js]
[rhythm-admin-template.multipurposethemes.com/assets/vendor_components/tiny-editable/mindmup-editabletable.js]
[rhythm-admin-template.multipurposethemes.com/assets/vendor_components/tiny-editable/numeric-input-example.js]
[rhythm-admin-template.multipurposethemes.com/main/tables_editable.html]
[rhythm-admin-template.multipurposethemes.com/main/tables_color.html]
[rhythm-admin-template.multipurposethemes.com/main/js/pages/editable-tables.js]
[rhythm-admin-template.multipurposethemes.com/assets/vendor_components/chart.js-master/Chart.min.js]
[rhythm-admin-template.multipurposethemes.com/main/charts_chartjs.html]
[rhythm-admin-template.multipurposethemes.com/main/js/pages/widget-charts2.js]
[rhythm-admin-template.multipurposethemes.com/assets/vendor_components/Flot/jquery.flot.js]
[rhythm-admin-template.multipurposethemes.com/assets/vendor_components/Flot/jquery.flot.resize.js]
[rhythm-admin-template.multipurposethemes.com/assets/vendor_components/Flot/jquery.flot.pie.js]
[rhythm-admin-template.multipurposethemes.com/assets/vendor_components/Flot/jquery.flot.categories.js]
[rhythm-admin-template.multipurposethemes.com/main/charts_flot.html]
[rhythm-admin-template.multipurposethemes.com/main/js/pages/widget-flot-charts.js]
[rhythm-admin-template.multipurposethemes.com/assets/vendor_components/jquery-knob/js/jquery.knob.js]
[rhythm-admin-template.multipurposethemes.com/main/charts_inline.html]
[rhythm-admin-template.multipurposethemes.com/main/js/pages/widget-inline-charts.js]
[rhythm-admin-template.multipurposethemes.com/assets/vendor_components/raphael/raphael.min.js]
[rhythm-admin-template.multipurposethemes.com/assets/vendor_components/morris.js/morris.min.js]
[rhythm-admin-template.multipurposethemes.com/main/charts_morris.html]
[rhythm-admin-template.multipurposethemes.com/main/js/pages/widget-morris-charts.js]
[rhythm-admin-template.multipurposethemes.com/assets/vendor_components/jquery.peity/jquery.peity.js]
[rhythm-admin-template.multipurposethemes.com/main/charts_peity.html]
[rhythm-admin-template.multipurposethemes.com/main/js/pages/peity.js]
[rhythm-admin-template.multipurposethemes.com/main/charts_chartist.html]
[rhythm-admin-template.multipurposethemes.com/main/js/pages/widget-chartist.js]
[rhythm-admin-template.multipurposethemes.com/assets/vendor_components/chartist-js-develop/chartist.js]
[rhythm-admin-template.multipurposethemes.com/assets/vendor_components/c3/d3.min.js]
[rhythm-admin-template.multipurposethemes.com/assets/vendor_components/c3/c3.min.js]
[rhythm-admin-template.multipurposethemes.com/main/charts_c3_axis.html]
[rhythm-admin-template.multipurposethemes.com/main/js/pages/c3-axis.js]
[rhythm-admin-template.multipurposethemes.com/main/charts_c3_bar.html]
[rhythm-admin-template.multipurposethemes.com/main/js/pages/c3-bar-pie.js]
[rhythm-admin-template.multipurposethemes.com/main/charts_c3_data.html]
[rhythm-admin-template.multipurposethemes.com/main/js/pages/c3-data.js]
[rhythm-admin-template.multipurposethemes.com/main/js/pages/c3-line.js]
[rhythm-admin-template.multipurposethemes.com/main/js/pages/c3-stap-line.js]
[rhythm-admin-template.multipurposethemes.com/main/charts_c3_line.html]
[rhythm-admin-template.multipurposethemes.com/main/js/pages/c3-multi-xy-line.js]
[rhythm-admin-template.multipurposethemes.com/main/charts_echarts_basic.html]
[rhythm-admin-template.multipurposethemes.com/main/charts_echarts_bar.html]
[rhythm-admin-template.multipurposethemes.com/main/js/pages/echart-bar.js]
[rhythm-admin-template.multipurposethemes.com/main/js/pages/echart-line-charts.js]
[rhythm-admin-template.multipurposethemes.com/main/charts_echarts_pie_doughnut.html]
[rhythm-admin-template.multipurposethemes.com/main/js/pages/echart-pie-doghnut.js]
[rhythm-admin-template.multipurposethemes.com/main/extra_calendar.html]
[rhythm-admin-template.multipurposethemes.com/main/js/pages/calendar.js]
[rhythm-admin-template.multipurposethemes.com/images/avatar/default.jpg]
[rhythm-admin-template.multipurposethemes.com/assets/vendor_plugins/iCheck/icheck.js]
[rhythm-admin-template.multipurposethemes.com/main/contact_app.html]
[rhythm-admin-template.multipurposethemes.com/main/js/pages/app-contact.js]
[rhythm-admin-template.multipurposethemes.com/main/contact_app_chat.html]
[rhythm-admin-template.multipurposethemes.com/main/extra_taskboard.html]
[rhythm-admin-template.multipurposethemes.com/main/js/pages/extra_taskboard.js]
[rhythm-admin-template.multipurposethemes.com/images/1.jpg]
[rhythm-admin-template.multipurposethemes.com/assets/vendor_components/fullcalendar/fullcalendar.js]
[rhythm-admin-template.multipurposethemes.com/assets/vendor_plugins/bootstrap-wysihtml5/bootstrap3-wysihtml5.all.min.js]
[rhythm-admin-template.multipurposethemes.com/main/js/pages/mailbox.js]
[rhythm-admin-template.multipurposethemes.com/main/mailbox.html]
[rhythm-admin-template.multipurposethemes.com/main/js/pages/form-compose.js]
[rhythm-admin-template.multipurposethemes.com/images/gallery/thumb/12.jpg]
[rhythm-admin-template.multipurposethemes.com/images/gallery/thumb/13.jpg]
[rhythm-admin-template.multipurposethemes.com/images/gallery/thumb/11.jpg]
[rhythm-admin-template.multipurposethemes.com/images/gallery/thumb/18.jpg]
[rhythm-admin-template.multipurposethemes.com/images/gallery/thumb-sm/5.jpg]
[rhythm-admin-template.multipurposethemes.com/main/widgets_blog.html]
[rhythm-admin-template.multipurposethemes.com/main/js/pages/widget-blog.js]
[rhythm-admin-template.multipurposethemes.com/assets/vendor_components/easypiechart/dist/jquery.easypiechart.js]
[rhythm-admin-template.multipurposethemes.com/assets/vendor_components/d3/d3.min.js]
[rhythm-admin-template.multipurposethemes.com/assets/vendor_components/d3/d3_tooltip.js]
[rhythm-admin-template.multipurposethemes.com/main/js/pages/chart-widgets.js]
[rhythm-admin-template.multipurposethemes.com/main/widgets_chart.html]
[rhythm-admin-template.multipurposethemes.com/main/js/pages/chartjs-int.js]
[rhythm-admin-template.multipurposethemes.com/images/avatar/avatar-16.png]
[rhythm-admin-template.multipurposethemes.com/images/avatar/avatar-13.png]
[rhythm-admin-template.multipurposethemes.com/images/gallery/creative/img-1.jpg]
[rhythm-admin-template.multipurposethemes.com/images/gallery/creative/img-2.jpg]
[rhythm-admin-template.multipurposethemes.com/images/gallery/creative/img-3.jpg]
[rhythm-admin-template.multipurposethemes.com/images/avatar/avatar-7.png]
[rhythm-admin-template.multipurposethemes.com/images/avatar/avatar-8.png]
[rhythm-admin-template.multipurposethemes.com/main/widgets_list.html]
[rhythm-admin-template.multipurposethemes.com/main/js/pages/list.js]
[rhythm-admin-template.multipurposethemes.com/images/gallery/creative/img-12.jpg]
[rhythm-admin-template.multipurposethemes.com/images/gallery/creative/img-8.jpg]
[rhythm-admin-template.multipurposethemes.com/images/photo1.png]
[rhythm-admin-template.multipurposethemes.com/images/gallery/creative/img-7.jpg]
[rhythm-admin-template.multipurposethemes.com/images/gallery/full/1.jpg]
[rhythm-admin-template.multipurposethemes.com/images/gallery/full/2.jpg]
[rhythm-admin-template.multipurposethemes.com/images/gallery/creative/img-9.jpg]
[rhythm-admin-template.multipurposethemes.com/images/avatar/avatar-9.png]
[rhythm-admin-template.multipurposethemes.com/images/user1-128x128.jpg]
[rhythm-admin-template.multipurposethemes.com/images/photo2.png]
[rhythm-admin-template.multipurposethemes.com/images/user3-128x128.jpg]
[rhythm-admin-template.multipurposethemes.com/images/user4-128x128.jpg]
[rhythm-admin-template.multipurposethemes.com/images/user5-128x128.jpg]
[rhythm-admin-template.multipurposethemes.com/main/widgets_social.html]
[rhythm-admin-template.multipurposethemes.com/images/gallery/thumb/15.jpg]
[rhythm-admin-template.multipurposethemes.com/images/gallery/full/10.jpg]
[rhythm-admin-template.multipurposethemes.com/images/gallery/thumb/14.jpg]
[rhythm-admin-template.multipurposethemes.com/images/gallery/creative/img-10.jpg]
[rhythm-admin-template.multipurposethemes.com/main/widgets_statistic.html]
[rhythm-admin-template.multipurposethemes.com/main/js/pages/statistic.js]
[rhythm-admin-template.multipurposethemes.com/images/placeholder.jpg]
[rhythm-admin-template.multipurposethemes.com/images/gallery/thumb/19.jpg]
[rhythm-admin-template.multipurposethemes.com/assets/vendor_plugins/weather-icons/WeatherIcon.js]
[rhythm-admin-template.multipurposethemes.com/main/widgets_weather.html]
[rhythm-admin-template.multipurposethemes.com/main/js/pages/weather.js]
[rhythm-admin-template.multipurposethemes.com/images/gallery/creative/img-4.jpg]
[rhythm-admin-template.multipurposethemes.com/images/gallery/creative/img-5.jpg]
[rhythm-admin-template.multipurposethemes.com/images/gallery/full/3.jpg]
[rhythm-admin-template.multipurposethemes.com/images/user7-128x128.jpg]
[rhythm-admin-template.multipurposethemes.com/main/widgets.html]
[rhythm-admin-template.multipurposethemes.com/main/js/pages/widgets.js]
[rhythm-admin-template.multipurposethemes.com/main/email_welcome.html]
[rhythm-admin-template.multipurposethemes.com/images/preview/email-welcome.png]
[rhythm-admin-template.multipurposethemes.com/main/email_verify_email.html]
[rhythm-admin-template.multipurposethemes.com/images/preview/email-verify-email.png]
[rhythm-admin-template.multipurposethemes.com/main/email_change_pass.html]
[rhythm-admin-template.multipurposethemes.com/images/preview/email-change-pass.png]
[rhythm-admin-template.multipurposethemes.com/main/email_update.html]
[rhythm-admin-template.multipurposethemes.com/images/preview/email-update.png]
[rhythm-admin-template.multipurposethemes.com/main/email_expired_card.html]
[rhythm-admin-template.multipurposethemes.com/images/preview/email-expired-card.png]
[rhythm-admin-template.multipurposethemes.com/main/email_closed_account.html]
[rhythm-admin-template.multipurposethemes.com/images/preview/email-closed-account.png]
[rhythm-admin-template.multipurposethemes.com/main/email_index.html]
[rhythm-admin-template.multipurposethemes.com/assets/vendor_components/gmaps/gmaps.min.js]
[rhythm-admin-template.multipurposethemes.com/main/map_google.html]
[rhythm-admin-template.multipurposethemes.com/assets/vendor_components/gmaps/jquery.gmaps.js]
[rhythm-admin-template.multipurposethemes.com/assets/vendor_components/jvectormap/lib2/jquery-jvectormap-2.0.2.min.js]
[rhythm-admin-template.multipurposethemes.com/assets/vendor_components/jvectormap/lib2/jquery-jvectormap-world-mill-en.js]
[rhythm-admin-template.multipurposethemes.com/assets/vendor_components/jvectormap/lib2/jquery-jvectormap-in-mill.js]
[rhythm-admin-template.multipurposethemes.com/assets/vendor_components/jvectormap/lib2/jquery-jvectormap-us-aea-en.js]
[rhythm-admin-template.multipurposethemes.com/assets/vendor_components/jvectormap/lib2/jquery-jvectormap-uk-mill-en.js]
[rhythm-admin-template.multipurposethemes.com/assets/vendor_components/jvectormap/lib2/jquery-jvectormap-au-mill.js]
[rhythm-admin-template.multipurposethemes.com/main/map_vector.html]
[rhythm-admin-template.multipurposethemes.com/main/component_modals.html]
[rhythm-admin-template.multipurposethemes.com/assets/vendor_components/jvectormap/lib2/jvectormap.custom.js]
[rhythm-admin-template.multipurposethemes.com/images/alert/alert.png]
[rhythm-admin-template.multipurposethemes.com/images/alert/alert2.png]
[rhythm-admin-template.multipurposethemes.com/images/alert/alert3.png]
[rhythm-admin-template.multipurposethemes.com/images/alert/alert4.png]
[rhythm-admin-template.multipurposethemes.com/images/alert/alert5.png]
[rhythm-admin-template.multipurposethemes.com/images/alert/alert7.png]
[rhythm-admin-template.multipurposethemes.com/images/alert/alert6.png]
[rhythm-admin-template.multipurposethemes.com/main/component_sweatalert.html]
[rhythm-admin-template.multipurposethemes.com/assets/vendor_components/sweetalert/jquery.sweet-alert.custom.js]
[rhythm-admin-template.multipurposethemes.com/assets/vendor_components/jquery-toast-plugin-master/src/jquery.toast.js]
[rhythm-admin-template.multipurposethemes.com/main/js/pages/toastr.js]
[rhythm-admin-template.multipurposethemes.com/main/component_notification.html]
[rhythm-admin-template.multipurposethemes.com/main/js/pages/notification.js]
[rhythm-admin-template.multipurposethemes.com/images/product/product-1.png]
[rhythm-admin-template.multipurposethemes.com/images/product/product-2.png]
[rhythm-admin-template.multipurposethemes.com/images/product/product-3.png]
[rhythm-admin-template.multipurposethemes.com/images/product/product-4.png]
[rhythm-admin-template.multipurposethemes.com/images/product/product-5.png]
[rhythm-admin-template.multipurposethemes.com/images/product/product-6.png]
[rhythm-admin-template.multipurposethemes.com/images/product/product-7.png]
[rhythm-admin-template.multipurposethemes.com/images/product/product-8.png]
[rhythm-admin-template.multipurposethemes.com/images/product/product-9.png]
[rhythm-admin-template.multipurposethemes.com/images/product/product-10.png]
[rhythm-admin-template.multipurposethemes.com/images/product/product-11.png]
[rhythm-admin-template.multipurposethemes.com/images/product/product-12.png]
[rhythm-admin-template.multipurposethemes.com/main/ecommerce_products.html]
[rhythm-admin-template.multipurposethemes.com/main/ecommerce_cart.html]
[rhythm-admin-template.multipurposethemes.com/main/ecommerce_products_edit.html]
[rhythm-admin-template.multipurposethemes.com/main/ecommerce_details.html]
[rhythm-admin-template.multipurposethemes.com/main/ecommerce_orders.html]
[rhythm-admin-template.multipurposethemes.com/main/ecommerce_checkout.html]
[rhythm-admin-template.multipurposethemes.com/main/js/pages/ecommerce_details.js]
[rhythm-admin-template.multipurposethemes.com/assets/vendor_plugins/JqueryPrintArea/demo/jquery.PrintArea.js]
[rhythm-admin-template.multipurposethemes.com/main/invoice.html]
[rhythm-admin-template.multipurposethemes.com/main/invoicelist.html]
[rhythm-admin-template.multipurposethemes.com/main/js/pages/invoice.js]
[rhythm-admin-template.multipurposethemes.com/main/extra_app_ticket.html]
[rhythm-admin-template.multipurposethemes.com/main/js/pages/app-ticket.js]
[rhythm-admin-template.multipurposethemes.com/images/user6-128x128.jpg]
[rhythm-admin-template.multipurposethemes.com/images/photo3.jpg]
[rhythm-admin-template.multipurposethemes.com/images/photo4.jpg]
[rhythm-admin-template.multipurposethemes.com/main/extra_profile.html]
[rhythm-admin-template.multipurposethemes.com/main/contact_userlist_grid.html]
[rhythm-admin-template.multipurposethemes.com/main/contact_userlist.html]
[rhythm-admin-template.multipurposethemes.com/main/sample_faq.html]
[rhythm-admin-template.multipurposethemes.com/main/sample_blank.html]
[rhythm-admin-template.multipurposethemes.com/main/js/pages/timeline.js]
[rhythm-admin-template.multipurposethemes.com/main/sample_coming_soon_1.html]
[rhythm-admin-template.multipurposethemes.com/images/preview/coming-soon-1.png]
[rhythm-admin-template.multipurposethemes.com/main/sample_coming_soon_2.html]
[rhythm-admin-template.multipurposethemes.com/images/preview/coming-soon-2.png]
